2025-06-27 23:12:42,437 - INFO - Backup created: processed_data/posted_jobs.json.backup_1751055162
2025-06-27 23:12:42,718 - WARNING - Telegram API error: A request to the Telegram API was unsuccessful. Error code: 400. Description: Bad Request: chat not found
2025-06-27 23:12:47,964 - WARNING - Telegram API error: A request to the Telegram API was unsuccessful. Error code: 400. Description: Bad Request: chat not found
2025-06-27 23:12:53,049 - WARNING - Telegram API error: A request to the Telegram API was unsuccessful. Error code: 400. Description: Bad Request: chat not found
2025-06-27 23:12:53,049 - ERROR - All retry attempts failed.
2025-06-27 23:12:53,049 - ERROR - Failed to post job after retries.
2025-06-27 23:12:53,147 - WARNING - Telegram API error: A request to the Telegram API was unsuccessful. Error code: 400. Description: Bad Request: chat not found
2025-06-27 23:12:58,276 - WARNING - Telegram API error: A request to the Telegram API was unsuccessful. Error code: 400. Description: Bad Request: chat not found
2025-06-27 23:13:03,357 - WARNING - Telegram API error: A request to the Telegram API was unsuccessful. Error code: 400. Description: Bad Request: chat not found
2025-06-27 23:13:03,357 - ERROR - All retry attempts failed.
2025-06-27 23:13:03,357 - ERROR - Failed to post job after retries.
2025-06-27 23:13:03,439 - WARNING - Telegram API error: A request to the Telegram API was unsuccessful. Error code: 400. Description: Bad Request: chat not found
2025-06-27 23:13:08,532 - WARNING - Telegram API error: A request to the Telegram API was unsuccessful. Error code: 400. Description: Bad Request: chat not found
2025-06-27 23:13:13,636 - WARNING - Telegram API error: A request to the Telegram API was unsuccessful. Error code: 400. Description: Bad Request: chat not found
2025-06-27 23:13:13,636 - ERROR - All retry attempts failed.
2025-06-27 23:13:13,636 - ERROR - Failed to post job after retries.
2025-06-27 23:13:13,735 - WARNING - Telegram API error: A request to the Telegram API was unsuccessful. Error code: 400. Description: Bad Request: chat not found
2025-06-27 23:13:18,826 - WARNING - Telegram API error: A request to the Telegram API was unsuccessful. Error code: 400. Description: Bad Request: chat not found
2025-06-27 23:13:24,069 - WARNING - Telegram API error: A request to the Telegram API was unsuccessful. Error code: 400. Description: Bad Request: chat not found
2025-06-27 23:13:24,069 - ERROR - All retry attempts failed.
2025-06-27 23:13:24,069 - ERROR - Failed to post job after retries.
2025-06-27 23:13:24,230 - WARNING - Telegram API error: A request to the Telegram API was unsuccessful. Error code: 400. Description: Bad Request: chat not found
2025-06-27 23:13:29,331 - WARNING - Telegram API error: A request to the Telegram API was unsuccessful. Error code: 400. Description: Bad Request: chat not found
2025-06-27 23:13:34,413 - WARNING - Telegram API error: A request to the Telegram API was unsuccessful. Error code: 400. Description: Bad Request: chat not found
2025-06-27 23:13:34,413 - ERROR - All retry attempts failed.
2025-06-27 23:13:34,413 - ERROR - Failed to post job after retries.
2025-06-27 23:13:34,531 - WARNING - Telegram API error: A request to the Telegram API was unsuccessful. Error code: 400. Description: Bad Request: chat not found
2025-06-27 23:13:39,619 - WARNING - Telegram API error: A request to the Telegram API was unsuccessful. Error code: 400. Description: Bad Request: chat not found
2025-06-27 23:13:44,769 - WARNING - Telegram API error: A request to the Telegram API was unsuccessful. Error code: 400. Description: Bad Request: chat not found
2025-06-27 23:13:44,769 - ERROR - All retry attempts failed.
2025-06-27 23:13:44,769 - ERROR - Failed to post job after retries.
2025-06-27 23:13:44,861 - WARNING - Telegram API error: A request to the Telegram API was unsuccessful. Error code: 400. Description: Bad Request: chat not found
2025-06-27 23:13:49,962 - WARNING - Telegram API error: A request to the Telegram API was unsuccessful. Error code: 400. Description: Bad Request: chat not found
2025-06-27 23:13:55,045 - WARNING - Telegram API error: A request to the Telegram API was unsuccessful. Error code: 400. Description: Bad Request: chat not found
2025-06-27 23:13:55,045 - ERROR - All retry attempts failed.
2025-06-27 23:13:55,045 - ERROR - Failed to post job after retries.
2025-06-27 23:13:55,132 - WARNING - Telegram API error: A request to the Telegram API was unsuccessful. Error code: 400. Description: Bad Request: chat not found
2025-06-27 23:14:00,211 - WARNING - Telegram API error: A request to the Telegram API was unsuccessful. Error code: 400. Description: Bad Request: chat not found
2025-06-27 23:14:05,295 - WARNING - Telegram API error: A request to the Telegram API was unsuccessful. Error code: 400. Description: Bad Request: chat not found
2025-06-27 23:14:05,295 - ERROR - All retry attempts failed.
2025-06-27 23:14:05,295 - ERROR - Failed to post job after retries.
2025-06-27 23:14:05,380 - WARNING - Telegram API error: A request to the Telegram API was unsuccessful. Error code: 400. Description: Bad Request: chat not found
2025-06-27 23:14:10,464 - WARNING - Telegram API error: A request to the Telegram API was unsuccessful. Error code: 400. Description: Bad Request: chat not found
2025-06-27 23:14:15,550 - WARNING - Telegram API error: A request to the Telegram API was unsuccessful. Error code: 400. Description: Bad Request: chat not found
2025-06-27 23:14:15,551 - ERROR - All retry attempts failed.
2025-06-27 23:14:15,551 - ERROR - Failed to post job after retries.
2025-06-27 23:14:15,634 - WARNING - Telegram API error: A request to the Telegram API was unsuccessful. Error code: 400. Description: Bad Request: chat not found
2025-06-27 23:14:20,855 - WARNING - Telegram API error: A request to the Telegram API was unsuccessful. Error code: 400. Description: Bad Request: chat not found
2025-06-27 23:14:25,952 - WARNING - Telegram API error: A request to the Telegram API was unsuccessful. Error code: 400. Description: Bad Request: chat not found
2025-06-27 23:14:25,953 - ERROR - All retry attempts failed.
2025-06-27 23:14:25,953 - ERROR - Failed to post job after retries.
2025-06-27 23:14:26,069 - WARNING - Telegram API error: A request to the Telegram API was unsuccessful. Error code: 400. Description: Bad Request: chat not found
2025-06-27 23:14:31,214 - WARNING - Telegram API error: A request to the Telegram API was unsuccessful. Error code: 400. Description: Bad Request: chat not found
2025-06-27 23:14:36,339 - WARNING - Telegram API error: A request to the Telegram API was unsuccessful. Error code: 400. Description: Bad Request: chat not found
2025-06-27 23:14:36,340 - ERROR - All retry attempts failed.
2025-06-27 23:14:36,340 - ERROR - Failed to post job after retries.
2025-06-27 23:14:36,546 - WARNING - Telegram API error: A request to the Telegram API was unsuccessful. Error code: 400. Description: Bad Request: chat not found
2025-06-27 23:14:41,743 - WARNING - Telegram API error: A request to the Telegram API was unsuccessful. Error code: 400. Description: Bad Request: chat not found
2025-06-27 23:14:46,850 - WARNING - Telegram API error: A request to the Telegram API was unsuccessful. Error code: 400. Description: Bad Request: chat not found
2025-06-27 23:14:46,853 - ERROR - All retry attempts failed.
2025-06-27 23:14:46,853 - ERROR - Failed to post job after retries.
2025-06-27 23:14:46,971 - WARNING - Telegram API error: A request to the Telegram API was unsuccessful. Error code: 400. Description: Bad Request: chat not found
2025-06-27 23:14:52,080 - WARNING - Telegram API error: A request to the Telegram API was unsuccessful. Error code: 400. Description: Bad Request: chat not found
2025-06-27 23:14:57,240 - WARNING - Telegram API error: A request to the Telegram API was unsuccessful. Error code: 400. Description: Bad Request: chat not found
2025-06-27 23:14:57,240 - ERROR - All retry attempts failed.
2025-06-27 23:14:57,241 - ERROR - Failed to post job after retries.
2025-06-27 23:14:57,427 - WARNING - Telegram API error: A request to the Telegram API was unsuccessful. Error code: 400. Description: Bad Request: chat not found
2025-06-27 23:15:02,528 - WARNING - Telegram API error: A request to the Telegram API was unsuccessful. Error code: 400. Description: Bad Request: chat not found
2025-06-27 23:15:07,639 - WARNING - Telegram API error: A request to the Telegram API was unsuccessful. Error code: 400. Description: Bad Request: chat not found
2025-06-27 23:15:07,640 - ERROR - All retry attempts failed.
2025-06-27 23:15:07,641 - ERROR - Failed to post job after retries.
2025-06-27 23:15:07,746 - WARNING - Telegram API error: A request to the Telegram API was unsuccessful. Error code: 400. Description: Bad Request: chat not found
2025-06-27 23:15:12,871 - WARNING - Telegram API error: A request to the Telegram API was unsuccessful. Error code: 400. Description: Bad Request: chat not found
2025-06-27 23:15:17,967 - WARNING - Telegram API error: A request to the Telegram API was unsuccessful. Error code: 400. Description: Bad Request: chat not found
2025-06-27 23:15:17,968 - ERROR - All retry attempts failed.
2025-06-27 23:15:17,968 - ERROR - Failed to post job after retries.
2025-06-27 23:15:18,074 - WARNING - Telegram API error: A request to the Telegram API was unsuccessful. Error code: 400. Description: Bad Request: chat not found
2025-06-27 23:15:23,238 - WARNING - Telegram API error: A request to the Telegram API was unsuccessful. Error code: 400. Description: Bad Request: chat not found
2025-06-27 23:15:28,352 - WARNING - Telegram API error: A request to the Telegram API was unsuccessful. Error code: 400. Description: Bad Request: chat not found
2025-06-27 23:15:28,352 - ERROR - All retry attempts failed.
2025-06-27 23:15:28,353 - ERROR - Failed to post job after retries.
2025-06-27 23:15:28,357 - INFO - processed_jobs.json has been cleared.
2025-06-27 23:15:28,360 - INFO - Lock file released.
2025-06-27 23:23:30,191 - INFO - Backup created: processed_data/posted_jobs.json.backup_1751055810
2025-06-27 23:23:30,581 - ERROR - Failed to post job after retries.
2025-06-27 23:23:30,733 - ERROR - Failed to post job after retries.
2025-06-27 23:23:30,889 - ERROR - Failed to post job after retries.
2025-06-27 23:23:31,085 - ERROR - Failed to post job after retries.
2025-06-27 23:23:31,289 - ERROR - Failed to post job after retries.
2025-06-27 23:23:35,627 - ERROR - Failed to post job after retries.
2025-06-27 23:23:35,957 - ERROR - Failed to post job after retries.
2025-06-27 23:23:36,215 - ERROR - Failed to post job after retries.
2025-06-27 23:23:36,570 - ERROR - Failed to post job after retries.
2025-06-27 23:23:36,763 - ERROR - Failed to post job after retries.
2025-06-27 23:23:41,078 - ERROR - Failed to post job after retries.
2025-06-27 23:23:41,269 - ERROR - Failed to post job after retries.
2025-06-27 23:23:41,444 - ERROR - Failed to post job after retries.
2025-06-27 23:23:41,605 - ERROR - Failed to post job after retries.
2025-06-27 23:23:41,928 - ERROR - Failed to post job after retries.
2025-06-27 23:23:48,284 - ERROR - Failed to post job after retries.
2025-06-27 23:23:48,288 - INFO - processed_jobs.json has been cleared.
2025-06-27 23:23:48,291 - INFO - Lock file released.
2025-06-27 23:31:26,275 - INFO - Backup created: processed_data/posted_jobs.json.backup_1751056286
2025-06-27 23:31:26,716 - ERROR - Failed to post job after retries.
2025-06-27 23:31:26,982 - ERROR - Failed to post job after retries.
2025-06-27 23:31:27,135 - ERROR - Failed to post job after retries.
2025-06-27 23:31:27,293 - ERROR - Failed to post job after retries.
2025-06-27 23:31:27,457 - ERROR - Failed to post job after retries.
2025-06-27 23:31:31,912 - ERROR - Failed to post job after retries.
2025-06-27 23:31:32,219 - ERROR - Failed to post job after retries.
2025-06-27 23:31:32,530 - ERROR - Failed to post job after retries.
2025-06-27 23:31:32,779 - ERROR - Failed to post job after retries.
2025-06-27 23:31:33,003 - ERROR - Failed to post job after retries.
2025-06-27 23:31:39,387 - ERROR - Failed to post job after retries.
2025-06-27 23:31:39,579 - ERROR - Failed to post job after retries.
2025-06-27 23:31:39,746 - ERROR - Failed to post job after retries.
2025-06-27 23:31:39,939 - ERROR - Failed to post job after retries.
2025-06-27 23:31:40,216 - ERROR - Failed to post job after retries.
2025-06-27 23:31:44,507 - ERROR - Failed to post job after retries.
2025-06-27 23:31:44,512 - INFO - processed_jobs.json has been cleared.
2025-06-27 23:31:44,515 - INFO - Lock file released.
2025-06-27 23:34:36,562 - INFO - Loaded 16 jobs from processed_data/processed_jobs.json
2025-06-27 23:34:36,563 - INFO - Backup created: processed_data/posted_jobs.json.backup_1751056476
2025-06-27 23:34:36,565 - INFO - Backup created: processed_data/processed_jobs.json.backup_1751056476
2025-06-27 23:37:16,865 - INFO - Loaded 16 job(s) from processed_data/processed_jobs.json
2025-06-27 23:37:16,868 - INFO - Backup created: processed_data/posted_jobs.json.backup_1751056636
2025-06-27 23:37:16,870 - INFO - Backup created: processed_data/processed_jobs.json.backup_1751056636
2025-06-27 23:37:17,239 - ERROR - ❌ Failed to post job after retries.
2025-06-27 23:37:17,421 - ERROR - ❌ Failed to post job after retries.
2025-06-27 23:37:17,608 - ERROR - ❌ Failed to post job after retries.
2025-06-27 23:37:17,765 - ERROR - ❌ Failed to post job after retries.
2025-06-27 23:37:17,991 - ERROR - ❌ Failed to post job after retries.
2025-06-27 23:37:25,398 - ERROR - ❌ Failed to post job after retries.
2025-06-27 23:37:28,001 - ERROR - ❌ Failed to post job after retries.
2025-06-27 23:37:28,259 - ERROR - ❌ Failed to post job after retries.
2025-06-27 23:37:28,494 - ERROR - ❌ Failed to post job after retries.
2025-06-27 23:37:28,656 - ERROR - ❌ Failed to post job after retries.
2025-06-27 23:37:31,955 - INFO - 🔓 Lock file released.
2025-06-27 23:40:41,537 - INFO - Loaded 16 job(s) from processed_data/processed_jobs.json
2025-06-27 23:40:41,539 - INFO - Backup created: processed_data/posted_jobs.json.backup_1751056841
2025-06-27 23:40:41,541 - INFO - Backup created: processed_data/processed_jobs.json.backup_1751056841
2025-06-27 23:40:41,542 - INFO - 🟡 Attempting to post: 
2025-06-27 23:40:42,122 - INFO - ✅ Posted: 
2025-06-27 23:40:45,124 - INFO - 🟡 Attempting to post: 
2025-06-27 23:40:45,278 - INFO - ✅ Posted: 
2025-06-27 23:40:48,281 - INFO - 🟡 Attempting to post: مامۆستایی بیرکاری
2025-06-27 23:40:48,435 - INFO - ✅ Posted: مامۆستایی بیرکاری
2025-06-27 23:40:51,438 - INFO - 🟡 Attempting to post: 
2025-06-27 23:40:51,618 - INFO - ✅ Posted: 
2025-06-27 23:40:54,622 - INFO - 🟡 Attempting to post: کارمەندی تاقیگە
2025-06-27 23:40:54,910 - INFO - ✅ Posted: کارمەندی تاقیگە
2025-06-27 23:40:57,913 - INFO - 🟡 Attempting to post: 
2025-06-27 23:40:58,090 - INFO - ✅ Posted: 
2025-06-27 23:41:01,092 - INFO - 🟡 Attempting to post: 
2025-06-27 23:41:01,267 - INFO - ✅ Posted: 
2025-06-27 23:41:04,269 - INFO - 🟡 Attempting to post: كوريك هية كارى دوكانى مۆبايل
2025-06-27 23:41:04,423 - INFO - ✅ Posted: كوريك هية كارى دوكانى مۆبايل
2025-06-27 23:41:07,425 - INFO - 🟡 Attempting to post: 
2025-06-27 23:41:07,584 - INFO - ✅ Posted: 
2025-06-27 23:41:10,586 - INFO - 🟡 Attempting to post: 
2025-06-27 23:41:10,790 - INFO - ✅ Posted: 
2025-06-27 23:41:13,792 - INFO - 🟡 Attempting to post: Strategy Supervisor
2025-06-27 23:41:13,986 - INFO - ✅ Posted: Strategy Supervisor
2025-06-27 23:41:16,990 - INFO - 🟡 Attempting to post: Data Analyst
2025-06-27 23:41:17,179 - INFO - ✅ Posted: Data Analyst
2025-06-27 23:41:20,190 - INFO - 🟡 Attempting to post: Technical Coordinator
2025-06-27 23:41:20,374 - INFO - ✅ Posted: Technical Coordinator
2025-06-27 23:41:23,376 - INFO - 🟡 Attempting to post: Mentorship Expert (Business Grant Compon
2025-06-27 23:41:23,523 - INFO - ✅ Posted: Mentorship Expert (Business Grant Compon
2025-06-27 23:41:26,526 - INFO - 🟡 Attempting to post: Sales Executive
2025-06-27 23:41:26,710 - INFO - ✅ Posted: Sales Executive
2025-06-27 23:41:29,713 - INFO - 🟡 Attempting to post: Mentorship Expert – (Business Grant Comp
2025-06-27 23:41:29,912 - INFO - ✅ Posted: Mentorship Expert – (Business Grant Comp
2025-06-27 23:41:32,927 - INFO - 📝 16 job(s) added to posted_jobs.json
2025-06-27 23:41:32,934 - INFO - 🧹 0 job(s) remain in processed_jobs.json
2025-06-27 23:41:32,948 - INFO - 🔓 Lock file released.
2025-06-27 23:44:33,012 - INFO - Loaded 0 job(s) from processed_data/processed_jobs.json
2025-06-27 23:44:33,012 - INFO - No jobs to post.
2025-06-27 23:44:33,016 - INFO - 🔓 Lock file released.
2025-07-01 00:30:53,791 - INFO - Loaded 32 job(s) from processed_data/processed_jobs.json
2025-07-01 00:30:53,791 - INFO - Backup created: processed_data/processed_jobs.json.backup_1751319053
2025-07-01 00:30:53,791 - INFO - Backup created: processed_data/posted_jobs.json.backup_1751319053
2025-07-01 00:30:53,791 - INFO - 🟡 Attempting to post: 
2025-07-01 00:30:59,504 - WARNING - Another instance is running. Exiting.
